// Jest Snapshot v1, https://goo.gl/fbAQLP

exports[`renders correctly 1`] = `
<div
  className="waiting-for-media"
>
  Press play to see the animation
</div>
`;
